Sending query to http://127.0.0.1:8000/query...
Response received:
{
  "response": "Access Denied: Insufficient permissions."
}
DEBUG: Full Response Text: Access Denied: Insufficient permissions.

RESULT: Likely used Ollama (No fallback marker found).
